// Jest Snapshot v1, https://goo.gl/fbAQLP

exports[`KendoPhoto.vue renders correctly 1`] = `
<div class="kendo-photo">
  <h1>Kendo Photographs</h1>
  <div>1. Kyoto Taikai</div>
  <div class="image"><img src="[object Object]" alt="No image"><img src="[object Object]" alt="No image"></div>
  <div>2. Wilf Swindell's sensei founder KNMS</div>
</div>
`;
