// Jest Snapshot v1, https://goo.gl/fbAQLP

exports[`Login.vue renders correctly 1`] = `
<div>
  <form class="login"></form>
  <h1>Sign In</h1> <label for="">Email</label> <input required="required" type="email" palceholder="Email Address"> <label for="">Password</label> <input required="required" type="password" palceholder="Password">
  <hr> <button type="submit">Login</button>
</div>
`;
